{
    "page": [
        "nullable",
        "integer"
    ],
    "pageSize": [
        "nullable",
        "integer"
    ],
    "sortColumn": [
        "nullable",
        "string"
    ],
    "sortDir": [
        "nullable",
        "string"
    ],
    "allFields": [
        "nullable",
        "string"
    ],
    "dateCreated": [
        "nullable",
        "string"
    ],
    "dateUpdated": [
        "nullable",
        "string"
    ]
}